This is XeTeX, Version 3.141592653-2.6-0.999997 (MiKTeX 25.3) (preloaded format=xelatex 2025.7.23)  23 JUL 2025 14:50
entering extended mode
 restricted \write18 enabled.
 %&-line parsing enabled.
**./wileyNJDv5_AMA.tex
(wileyNJDv5_AMA.tex
LaTeX2e <2024-11-01> patch level 2
L3 programming layer <2025-03-26>
(C:\Users\mlarriva\AppData\Local\Programs\MiKTeX\tex/latex/base\article.cls
Document Class: article 2024/06/29 v1.4n Standard LaTeX document class
(C:\Users\mlarriva\AppData\Local\Programs\MiKTeX\tex/latex/base\size12.clo
File: size12.clo 2024/06/29 v1.4n Standard LaTeX file (size option)
)
\c@part=\count193
\c@section=\count194
\c@subsection=\count195
\c@subsubsection=\count196
\c@paragraph=\count197
\c@subparagraph=\count198
\c@figure=\count199
\c@table=\count266
\abovecaptionskip=\skip49
\belowcaptionskip=\skip50
\bibindent=\dimen146
)
(C:\Users\mlarriva\AppData\Local\Programs\MiKTeX\tex/latex/geometry\geometry.st
y
Package: geometry 2020/01/02 v5.9 Page Geometry

(C:\Users\mlarriva\AppData\Local\Programs\MiKTeX\tex/latex/graphics\keyval.sty
Package: keyval 2022/05/29 v1.15 key=value parser (DPC)
\KV@toks@=\toks17
) (C:\Users\mlarriva\AppData\Local\Programs\MiKTeX\tex/generic/iftex\ifvtex.sty
Package: ifvtex 2019/10/25 v1.7 ifvtex legacy package. Use iftex instead.

(C:\Users\mlarriva\AppData\Local\Programs\MiKTeX\tex/generic/iftex\iftex.sty
Package: iftex 2024/12/12 v1.0g TeX engine tests
))
\Gm@cnth=\count267
\Gm@cntv=\count268
\c@Gm@tempcnt=\count269
\Gm@bindingoffset=\dimen147
\Gm@wd@mp=\dimen148
\Gm@odd@mp=\dimen149
\Gm@even@mp=\dimen150
\Gm@layoutwidth=\dimen151
\Gm@layoutheight=\dimen152
\Gm@layouthoffset=\dimen153
\Gm@layoutvoffset=\dimen154
\Gm@dimlist=\toks18

(C:\Users\mlarriva\AppData\Local\Programs\MiKTeX\tex/latex/geometry\geometry.cf
g))
(C:\Users\mlarriva\AppData\Local\Programs\MiKTeX\tex/latex/amsmath\amsmath.sty
Package: amsmath 2024/11/05 v2.17t AMS math features
\@mathmargin=\skip51

For additional information on amsmath, use the `?' option.
(C:\Users\mlarriva\AppData\Local\Programs\MiKTeX\tex/latex/amsmath\amstext.sty
Package: amstext 2021/08/26 v2.01 AMS text

(C:\Users\mlarriva\AppData\Local\Programs\MiKTeX\tex/latex/amsmath\amsgen.sty
File: amsgen.sty 1999/11/30 v2.0 generic functions
\@emptytoks=\toks19
\ex@=\dimen155
)) (C:\Users\mlarriva\AppData\Local\Programs\MiKTeX\tex/latex/amsmath\amsbsy.st
y
Package: amsbsy 1999/11/29 v1.2d Bold Symbols
\pmbraise@=\dimen156
) (C:\Users\mlarriva\AppData\Local\Programs\MiKTeX\tex/latex/amsmath\amsopn.sty
Package: amsopn 2022/04/08 v2.04 operator names
)
\inf@bad=\count270
LaTeX Info: Redefining \frac on input line 233.
\uproot@=\count271
\leftroot@=\count272
LaTeX Info: Redefining \overline on input line 398.
LaTeX Info: Redefining \colon on input line 409.
\classnum@=\count273
\DOTSCASE@=\count274
LaTeX Info: Redefining \ldots on input line 495.
LaTeX Info: Redefining \dots on input line 498.
LaTeX Info: Redefining \cdots on input line 619.
\Mathstrutbox@=\box53
\strutbox@=\box54
LaTeX Info: Redefining \big on input line 721.
LaTeX Info: Redefining \Big on input line 722.
LaTeX Info: Redefining \bigg on input line 723.
LaTeX Info: Redefining \Bigg on input line 724.
\big@size=\dimen157
LaTeX Font Info:    Redeclaring font encoding OML on input line 742.
LaTeX Font Info:    Redeclaring font encoding OMS on input line 743.
\macc@depth=\count275
LaTeX Info: Redefining \bmod on input line 904.
LaTeX Info: Redefining \pmod on input line 909.
LaTeX Info: Redefining \smash on input line 939.
LaTeX Info: Redefining \relbar on input line 969.
LaTeX Info: Redefining \Relbar on input line 970.
\c@MaxMatrixCols=\count276
\dotsspace@=\muskip17
\c@parentequation=\count277
\dspbrk@lvl=\count278
\tag@help=\toks20
\row@=\count279
\column@=\count280
\maxfields@=\count281
\andhelp@=\toks21
\eqnshift@=\dimen158
\alignsep@=\dimen159
\tagshift@=\dimen160
\tagwidth@=\dimen161
\totwidth@=\dimen162
\lineht@=\dimen163
\@envbody=\toks22
\multlinegap=\skip52
\multlinetaggap=\skip53
\mathdisplay@stack=\toks23
LaTeX Info: Redefining \[ on input line 2953.
LaTeX Info: Redefining \] on input line 2954.
) (amssymb.sty
Package: amssymb 2013/01/14 v3.01 AMS font symbols

(C:\Users\mlarriva\AppData\Local\Programs\MiKTeX\tex/latex/amsfonts\amsfonts.st
y
Package: amsfonts 2013/01/14 v3.01 Basic AMSFonts support
\symAMSa=\mathgroup4
\symAMSb=\mathgroup5
LaTeX Font Info:    Redeclaring math symbol \hbar on input line 98.
LaTeX Font Info:    Overwriting math alphabet `\mathfrak' in version `bold'
(Font)                  U/euf/m/n --> U/euf/b/n on input line 106.
))
(C:\Users\mlarriva\AppData\Local\Programs\MiKTeX\tex/latex/graphics\graphicx.st
y
Package: graphicx 2021/09/16 v1.2d Enhanced LaTeX Graphics (DPC,SPQR)

(C:\Users\mlarriva\AppData\Local\Programs\MiKTeX\tex/latex/graphics\graphics.st
y
Package: graphics 2024/08/06 v1.4g Standard LaTeX Graphics (DPC,SPQR)
 (C:\Users\mlarriva\AppData\Local\Programs\MiKTeX\tex/latex/graphics\trig.sty
Package: trig 2023/12/02 v1.11 sin cos tan (DPC)
)
(C:\Users\mlarriva\AppData\Local\Programs\MiKTeX\tex/latex/graphics-cfg\graphic
s.cfg
File: graphics.cfg 2016/06/04 v1.11 sample graphics configuration
)
Package graphics Info: Driver file: xetex.def on input line 106.

(C:\Users\mlarriva\AppData\Local\Programs\MiKTeX\tex/latex/graphics-def\xetex.d
ef
File: xetex.def 2022/09/22 v5.0n Graphics/color driver for xetex
))
\Gin@req@height=\dimen164
\Gin@req@width=\dimen165
)
(C:\Users\mlarriva\AppData\Local\Programs\MiKTeX\tex/latex/booktabs\booktabs.st
y
Package: booktabs 2020/01/12 v1.61803398 Publication quality tables
\heavyrulewidth=\dimen166
\lightrulewidth=\dimen167
\cmidrulewidth=\dimen168
\belowrulesep=\dimen169
\belowbottomsep=\dimen170
\aboverulesep=\dimen171
\abovetopsep=\dimen172
\cmidrulesep=\dimen173
\cmidrulekern=\dimen174
\defaultaddspace=\dimen175
\@cmidla=\count282
\@cmidlb=\count283
\@aboverulesep=\dimen176
\@belowrulesep=\dimen177
\@thisruleclass=\count284
\@lastruleclass=\count285
\@thisrulewidth=\dimen178
)
(C:\Users\mlarriva\AppData\Local\Programs\MiKTeX\tex/latex/caption\subcaption.s
ty
Package: subcaption 2023/07/28 v1.6b Sub-captions (AR)

(C:\Users\mlarriva\AppData\Local\Programs\MiKTeX\tex/latex/caption\caption.sty
Package: caption 2023/08/05 v3.6o Customizing captions (AR)

(C:\Users\mlarriva\AppData\Local\Programs\MiKTeX\tex/latex/caption\caption3.sty
Package: caption3 2023/07/31 v2.4d caption3 kernel (AR)
\caption@tempdima=\dimen179
\captionmargin=\dimen180
\caption@leftmargin=\dimen181
\caption@rightmargin=\dimen182
\caption@width=\dimen183
\caption@indent=\dimen184
\caption@parindent=\dimen185
\caption@hangindent=\dimen186
Package caption Info: Standard document class detected.
)
\c@caption@flags=\count286
\c@continuedfloat=\count287
)
Package caption Info: New subtype `subfigure' on input line 238.
\c@subfigure=\count288
Package caption Info: New subtype `subtable' on input line 238.
\c@subtable=\count289
)
(C:\Users\mlarriva\AppData\Local\Programs\MiKTeX\tex/latex/threeparttable\three
parttable.sty
Package: threeparttable 2003/06/13  v 3.0
\@tempboxb=\box55
)
(C:\Users\mlarriva\AppData\Local\Programs\MiKTeX\tex/latex/tools\dcolumn.sty
Package: dcolumn 2023/07/08 v1.06 decimal alignment package (DPC)

(C:\Users\mlarriva\AppData\Local\Programs\MiKTeX\tex/latex/tools\array.sty
Package: array 2024/10/17 v2.6g Tabular extension package (FMi)
\col@sep=\dimen187
\ar@mcellbox=\box56
\extrarowheight=\dimen188
\NC@list=\toks24
\extratabsurround=\skip54
\backup@length=\skip55
\ar@cellbox=\box57
))
(C:\Users\mlarriva\AppData\Local\Programs\MiKTeX\tex/latex/placeins\placeins.st
y
Package: placeins 2005/04/18  v 2.2
)
(C:\Users\mlarriva\AppData\Local\Programs\MiKTeX\tex/latex/setspace\setspace.st
y
Package: setspace 2022/12/04 v6.7b set line spacing
) (C:\Users\mlarriva\AppData\Local\Programs\MiKTeX\tex/latex/url\url.sty
\Urlmuskip=\muskip18
Package: url 2013/09/16  ver 3.4  Verb mode for urls, etc.
)
(natbib.sty
Package: natbib 2010/09/13 8.31b (PWD, AO)
\bibhang=\skip56
\bibsep=\skip57
LaTeX Info: Redefining \cite on input line 694.
\c@NAT@ctr=\count290
)
(C:\Users\mlarriva\AppData\Local\Programs\MiKTeX\tex/latex/l3backend\l3backend-
xetex.def
File: l3backend-xetex.def 2025-03-14 L3 backend support: XeTeX
\g__graphics_track_int=\count291
\g__pdfannot_backend_int=\count292
\g__pdfannot_backend_link_int=\count293
) (wileyNJDv5_AMA.aux)
\openout1 = `wileyNJDv5_AMA.aux'.

LaTeX Font Info:    Checking defaults for OML/cmm/m/it on input line 30.
LaTeX Font Info:    ... okay on input line 30.
LaTeX Font Info:    Checking defaults for OMS/cmsy/m/n on input line 30.
LaTeX Font Info:    ... okay on input line 30.
LaTeX Font Info:    Checking defaults for OT1/cmr/m/n on input line 30.
LaTeX Font Info:    ... okay on input line 30.
LaTeX Font Info:    Checking defaults for T1/cmr/m/n on input line 30.
LaTeX Font Info:    ... okay on input line 30.
LaTeX Font Info:    Checking defaults for TS1/cmr/m/n on input line 30.
LaTeX Font Info:    ... okay on input line 30.
LaTeX Font Info:    Checking defaults for TU/lmr/m/n on input line 30.
LaTeX Font Info:    ... okay on input line 30.
LaTeX Font Info:    Checking defaults for OMX/cmex/m/n on input line 30.
LaTeX Font Info:    ... okay on input line 30.
LaTeX Font Info:    Checking defaults for U/cmr/m/n on input line 30.
LaTeX Font Info:    ... okay on input line 30.

*geometry* driver: auto-detecting
*geometry* detected driver: xetex
*geometry* verbose mode - [ preamble ] result:
* driver: xetex
* paper: <default>
* layout: <same size as paper>
* layoutoffset:(h,v)=(0.0pt,0.0pt)
* modes: 
* h-part:(L,W,R)=(72.26999pt, 469.75502pt, 72.26999pt)
* v-part:(T,H,B)=(72.26999pt, 650.43001pt, 72.26999pt)
* \paperwidth=614.295pt
* \paperheight=794.96999pt
* \textwidth=469.75502pt
* \textheight=650.43001pt
* \oddsidemargin=0.0pt
* \evensidemargin=0.0pt
* \topmargin=-37.0pt
* \headheight=12.0pt
* \headsep=25.0pt
* \topskip=12.0pt
* \footskip=30.0pt
* \marginparwidth=44.0pt
* \marginparsep=10.0pt
* \columnsep=10.0pt
* \skip\footins=10.8pt plus 4.0pt minus 2.0pt
* \hoffset=0.0pt
* \voffset=0.0pt
* \mag=1000
* \@twocolumnfalse
* \@twosidefalse
* \@mparswitchfalse
* \@reversemarginfalse
* (1in=72.27pt=25.4mm, 1cm=28.453pt)

Package caption Info: Begin \AtBeginDocument code.
Package caption Info: threeparttable package is loaded.
Package caption Info: End \AtBeginDocument code.
LaTeX Font Info:    Trying to load font information for U+msa on input line 32.

(C:\Users\mlarriva\AppData\Local\Programs\MiKTeX\tex/latex/amsfonts\umsa.fd
File: umsa.fd 2013/01/14 v3.01 AMS symbols A
)
LaTeX Font Info:    Trying to load font information for U+msb on input line 32.


(C:\Users\mlarriva\AppData\Local\Programs\MiKTeX\tex/latex/amsfonts\umsb.fd
File: umsb.fd 2013/01/14 v3.01 AMS symbols B
)

[1

]

Package natbib Warning: Citation `censusNearlyHalf' on page 2 undefined on inpu
t line 48.


Package natbib Warning: Citation `stlouisfedConsumerPrice' on page 2 undefined 
on input line 48.


Package natbib Warning: Citation `mott2024ThisRegion' on page 2 undefined on in
put line 48.


Package natbib Warning: Citation `mueller1999real' on page 2 undefined on input
 line 50.


Package natbib Warning: Citation `gabriel2001rental' on page 2 undefined on inp
ut line 50.


Package natbib Warning: Citation `sirmans1991determinants' on page 2 undefined 
on input line 50.


Package natbib Warning: Citation `pyhrr1999real' on page 2 undefined on input l
ine 50.


Package natbib Warning: Citation `pennington2021does' on page 2 undefined on in
put line 50.


Package natbib Warning: Citation `molloy2022housing' on page 2 undefined on inp
ut line 50.


Package natbib Warning: Citation `saiz2010geographic' on page 2 undefined on in
put line 50.


Package natbib Warning: Citation `davidoff2015supply' on page 2 undefined on in
put line 50.



[2]

Package natbib Warning: Citation `worldbankPopDensity' on page 3 undefined on i
nput line 54.


Package natbib Warning: Citation `feiveson2024rent' on page 3 undefined on inpu
t line 54.


Package natbib Warning: Citation `stlouisfedConsumerPrice' on page 3 undefined 
on input line 54.


Package natbib Warning: Citation `fanniemaeConsumersFeeling' on page 3 undefine
d on input line 54.


Package natbib Warning: Citation `titman2024city' on page 3 undefined on input 
line 56.


Package natbib Warning: Citation `liu2018vertical' on page 3 undefined on input
 line 56.


Package natbib Warning: Citation `muth1969cities' on page 3 undefined on input 
line 58.


Package natbib Warning: Citation `molloy2022housing' on page 3 undefined on inp
ut line 58.

File: ../Figs/rdi_rent_growth_2024.pdf Graphic file (type pdf)
<use ../Figs/rdi_rent_growth_2024.pdf>


[3]

[4]

[5]

Package natbib Warning: Citation `green2002measuring' on page 6 undefined on in
put line 82.


Package natbib Warning: Citation `malpezzi1996rent' on page 6 undefined on inpu
t line 82.


Package natbib Warning: Citation `mueller1999real' on page 6 undefined on input
 line 84.


Package natbib Warning: Citation `gabriel2001rental' on page 6 undefined on inp
ut line 84.


Package natbib Warning: Citation `sirmans1991determinants' on page 6 undefined 
on input line 84.


Package natbib Warning: Citation `pyhrr1999real' on page 6 undefined on input l
ine 84.


Package natbib Warning: Citation `calder2024coordinated' on page 6 undefined on
 input line 84.



[6]

Package natbib Warning: Citation `goodman1992rental' on page 7 undefined on inp
ut line 86.


Package natbib Warning: Citation `wheaton1991realestate' on page 7 undefined on
 input line 86.


Package natbib Warning: Citation `rosenthal1997housing' on page 7 undefined on 
input line 86.


Package natbib Warning: Citation `glaeser2001cities' on page 7 undefined on inp
ut line 88.


Package natbib Warning: Citation `duranton2004micro' on page 7 undefined on inp
ut line 88.


Package natbib Warning: Citation `ahlfeldt2019economic' on page 7 undefined on 
input line 88.


Package natbib Warning: Citation `albouy2015driving' on page 7 undefined on inp
ut line 88.



[7]

[8]
Overfull \hbox (110.63306pt too wide) in alignment at lines 111--128
[] [] 
 []



[9]

[10]
Overfull \hbox (9.0954pt too wide) detected at line 176
[]
 []



[11]
File: ../Figs/us.png Graphic file (type bmp)
<../Figs/us.png>
File: ../Figs/tristate.png Graphic file (type bmp)
<../Figs/tristate.png>
File: ../Figs/florida.png Graphic file (type bmp)
<../Figs/florida.png>


[12]

[13]
Overfull \hbox (218.13318pt too wide) in paragraph at lines 231--244
 [][] 
 []

File: ../Figs/rdi_growth_histogram.pdf Graphic file (type pdf)
<use ../Figs/rdi_growth_histogram.pdf>
File: ../Figs/rdi_trends_selected_msas.pdf Graphic file (type pdf)
<use ../Figs/rdi_trends_selected_msas.pdf>


[14]

[15]

[16]

[17]

[18]

[19]

[20]
Overfull \hbox (50.08217pt too wide) in paragraph at lines 427--438
 [][] 
 []



[21]
File: ../Figs/event_study.pdf Graphic file (type pdf)
<use ../Figs/event_study.pdf>


[22]
File: ../Figs/spread_comparison_over_time_1yr.pdf Graphic file (type pdf)
<use ../Figs/spread_comparison_over_time_1yr.pdf>
File: ../Figs/spread_comparison_over_time_3yr.pdf Graphic file (type pdf)
<use ../Figs/spread_comparison_over_time_3yr.pdf>
File: ../Figs/spread_comparison_over_time_5yr.pdf Graphic file (type pdf)
<use ../Figs/spread_comparison_over_time_5yr.pdf>
File: ../Figs/spread_comparison_over_time_10yr.pdf Graphic file (type pdf)
<use ../Figs/spread_comparison_over_time_10yr.pdf>


LaTeX Warning: `!h' float specifier changed to `!ht'.



[23]

[24]
File: ../Figs/national_rdi.pdf Graphic file (type pdf)
<use ../Figs/national_rdi.pdf>
File: ../Figs/national_rdi_pct.pdf Graphic file (type pdf)
<use ../Figs/national_rdi_pct.pdf>


[25]
File: ../Figs/max_supply_growth_vs_rent_growth.pdf Graphic file (type pdf)
<use ../Figs/max_supply_growth_vs_rent_growth.pdf>
File: ../Figs/bar_group_avg_rent_growth.pdf Graphic file (type pdf)
<use ../Figs/bar_group_avg_rent_growth.pdf>


[26]
Overfull \hbox (6.0144pt too wide) in paragraph at lines 529--530
[]\TU/lmr/m/n/12 RDI group (above/below median) combined with RDI growth (posit
ive/negative)classify
 []


LaTeX Warning: Reference `sec:instrumental-variable' on page 27 undefined on in
put line 537.



[27]

[28]

[29]

[30] (wileyNJDv5_AMA.bbl
! Undefined control sequence.
\bibsection ->\bmsection 
                         *{\fontsize {7}{13}\selectfont REFERENCES\@mkboth {...
l.1 \begin{thebibliography}{1}
                              
The control sequence at the end of the top line
of your error message was never \def'ed. If you have
misspelled it (e.g., `\hobx'), type `I' and the correct
spelling (e.g., `I\hbox'). Otherwise just continue,
and I'll forget about whatever was undefined.

)

Package natbib Warning: There were undefined citations.



[31] (wileyNJDv5_AMA.aux)
 ***********
LaTeX2e <2024-11-01> patch level 2
L3 programming layer <2025-03-26>
 ***********


LaTeX Warning: There were undefined references.

 ) 
Here is how much of TeX's memory you used:
 5140 strings out of 405075
 84792 string characters out of 5499361
 465358 words of memory out of 5000000
 31683 multiletter control sequences out of 15000+600000
 635125 words of font info for 88 fonts, out of 8000000 for 9000
 1348 hyphenation exceptions out of 8191
 67i,12n,77p,1228b,497s stack positions out of 10000i,1000n,20000p,200000b,200000s

Output written on wileyNJDv5_AMA.pdf (31 pages).
